// Jest Snapshot v1, https://goo.gl/fbAQLP

exports[`Styles matches FormGroup justify 1`] = `
.c0 {
  margin-bottom: 1rem;
  box-sizing: border-box;
  -webkit-align-items: center;
  -webkit-box-align: center;
  -ms-flex-align: center;
  align-items: center;
  -webkit-box-pack: center;
  -webkit-justify-content: center;
  -ms-flex-pack: center;
  justify-content: center;
}

<div
  className="c0"
/>
`;
