// Jest Snapshot v1, https://goo.gl/fbAQLP

exports[`Styles matches secondary 1`] = `
<span
  className="sc-bdVaJa hsPQZK"
/>
`;

exports[`Styles matches secondary action 1`] = `
<a
  className="sc-bdVaJa bEIWAM"
  href="#"
/>
`;
