// Jest Snapshot v1, https://goo.gl/fbAQLP

exports[`Styles matches dark 1`] = `
<span
  className="sc-bdVaJa gaAFtR"
/>
`;

exports[`Styles matches dark action 1`] = `
<a
  className="sc-bdVaJa GCymF"
  href="#"
/>
`;
