// Jest Snapshot v1, https://goo.gl/fbAQLP

exports[`Styles matches success 1`] = `
<span
  className="sc-bdVaJa iJXFFG"
/>
`;

exports[`Styles matches success action 1`] = `
<a
  className="sc-bdVaJa heTryN"
  href="#"
/>
`;
