// Jest Snapshot v1, https://goo.gl/fbAQLP

exports[`Styles matches warning 1`] = `
<span
  className="sc-bdVaJa jNLRDM"
/>
`;

exports[`Styles matches warning action 1`] = `
<a
  className="sc-bdVaJa iIqqAx"
  href="#"
/>
`;
