// Jest Snapshot v1, https://goo.gl/fbAQLP

exports[`Styles matches danger 1`] = `
.c0 {
  position: relative;
  padding: 0.75rem 1.25rem;
  margin-bottom: 1rem;
  border: 1px solid transparent;
  border-radius: 0.25rem;
  color: #721c24;
  background-color: #f8d7da;
  border-color: #f5c6cb;
}

.c0 > a {
  font-weight: 700;
}

.c0 > h1,
.c0 > h2,
.c0 > h3,
.c0 > h4,
.c0 > h5,
.c0 > h6 {
  color: inherit;
}

.c0 > hr {
  border-top-color: #f1b0b7;
}

.c0 > a,
.c0 > a:hover {
  color: #491217;
}

<Alert
  modifiers={
    Array [
      "danger",
    ]
  }
>
  <styled.div
    modifiers={
      Array [
        "danger",
      ]
    }
  >
    <div
      className="c0"
    />
  </styled.div>
</Alert>
`;
