// Jest Snapshot v1, https://goo.gl/fbAQLP

exports[`Styles matches dark 1`] = `
.c0 {
  position: relative;
  padding: 0.75rem 1.25rem;
  margin-bottom: 1rem;
  border: 1px solid transparent;
  border-radius: 0.25rem;
  color: #1b1e21;
  background-color: #d6d8d9;
  border-color: #c6c8ca;
}

.c0 > a {
  font-weight: 700;
}

.c0 > h1,
.c0 > h2,
.c0 > h3,
.c0 > h4,
.c0 > h5,
.c0 > h6 {
  color: inherit;
}

.c0 > hr {
  border-top-color: #b9bbbe;
}

.c0 > a,
.c0 > a:hover {
  color: #040505;
}

<Alert
  modifiers={
    Array [
      "dark",
    ]
  }
>
  <styled.div
    modifiers={
      Array [
        "dark",
      ]
    }
  >
    <div
      className="c0"
    />
  </styled.div>
</Alert>
`;
