// Jest Snapshot v1, https://goo.gl/fbAQLP

exports[`Styles matches Dd 1`] = `
.c0 {
  margin-bottom: 0.5rem;
  margin-left: 0;
}

<dd
  className="c0"
/>
`;
