// Jest Snapshot v1, https://goo.gl/fbAQLP

exports[`Styles matches Dialog 1`] = `
.c0 {
  display: block;
}

<dialog
  className="c0"
/>
`;
