// Jest Snapshot v1, https://goo.gl/fbAQLP

exports[`Styles matches Figure 1`] = `
.c0 {
  display: block;
  margin: 0 0 1rem;
}

<figure
  className="c0"
/>
`;
