// Jest Snapshot v1, https://goo.gl/fbAQLP

exports[`Styles matches H1 1`] = `
.c0 {
  margin-top: 0;
  margin-bottom: 0.5rem;
  font-family: inherit;
  font-weight: 500;
  line-height: 1.2;
  color: inherit;
  font-size: 2.5rem;
}

<h1
  className="c0"
/>
`;
