// Jest Snapshot v1, https://goo.gl/fbAQLP

exports[`Styles matches H4 1`] = `
.c0 {
  margin-top: 0;
  margin-bottom: 0.5rem;
  margin-bottom: 0.5rem;
  font-family: inherit;
  font-weight: 500;
  line-height: 1.2;
  color: inherit;
  font-size: 1.5rem;
}

<h4
  className="c0"
/>
`;
