// Jest Snapshot v1, https://goo.gl/fbAQLP

exports[`Styles matches Strong 1`] = `
.c0 {
  font-weight: bolder;
}

<strong
  className="c0"
/>
`;
