// Jest Snapshot v1, https://goo.gl/fbAQLP

exports[`Styles matches Sub 1`] = `
.c0 {
  position: relative;
  font-size: 75%;
  line-height: 0;
  vertical-align: baseline;
  bottom: -.25em;
}

<sub
  className="c0"
/>
`;
