// Jest Snapshot v1, https://goo.gl/fbAQLP

exports[`Styles matches Sup 1`] = `
.c0 {
  position: relative;
  font-size: 75%;
  line-height: 0;
  vertical-align: baseline;
  top: -.5em;
}

<sup
  className="c0"
/>
`;
