// Jest Snapshot v1, https://goo.gl/fbAQLP

exports[`Styles matches Svg 1`] = `
.c0:not(:root) {
  overflow: hidden;
}

<svg
  className="c0"
/>
`;
