// Jest Snapshot v1, https://goo.gl/fbAQLP

exports[`Styles matches Table 1`] = `
.c0 {
  border-collapse: collapse;
}

<table
  className="c0"
/>
`;
