// Jest Snapshot v1, https://goo.gl/fbAQLP

exports[`Styles matches Ul 1`] = `
.c0 {
  margin-top: 0;
  margin-bottom: 1rem;
}

.c0 > ul {
  margin-bottom: 0;
}

.c0 > ol {
  margin-bottom: 0;
}

<ul
  className="c0"
/>
`;
