// Jest Snapshot v1, https://goo.gl/fbAQLP

exports[`Styles matches ModalBody 1`] = `
.c0 {
  position: relative;
  -webkit-flex: 1 1 auto;
  -ms-flex: 1 1 auto;
  flex: 1 1 auto;
  padding: 1rem;
}

<div
  className="c0"
/>
`;
