// Jest Snapshot v1, https://goo.gl/fbAQLP

exports[`Styles matches FormGroup row 1`] = `
.c0 {
  margin-bottom: 1rem;
  box-sizing: border-box;
  display: -webkit-box;
  display: -webkit-flex;
  display: -ms-flexbox;
  display: flex;
  -webkit-flex-wrap: wrap;
  -ms-flex-wrap: wrap;
  flex-wrap: wrap;
  margin-right: -5px;
  margin-left: -5px;
}

.c0 > div > label {
  margin-bottom: 0;
}

<div
  className="c0"
/>
`;
