// Jest Snapshot v1, https://goo.gl/fbAQLP

exports[`Styles matches FormGroup sm 1`] = `
.c0 {
  margin-bottom: 1rem;
  box-sizing: border-box;
}

.c0 > label,
.c0 > div > label {
  padding-top: calc(0.25rem + 1px);
  padding-bottom: calc(0.25rem + 1px);
  font-size: 0.875rem;
  line-height: 1.5;
}

.c0 > input,
.c0 > div > input {
  padding-right: 0;
  padding-left: 0;
  padding: 0.25rem 0.5rem;
  font-size: 0.875rem;
  line-height: 1.5;
  border-radius: 0.2rem;
}

<div
  className="c0"
/>
`;
