// Jest Snapshot v1, https://goo.gl/fbAQLP

exports[`Styles matches CardBody 1`] = `
.c0 {
  -webkit-flex: 1 1 auto;
  -ms-flex: 1 1 auto;
  flex: 1 1 auto;
  padding: 1.25rem;
}

.c0 > a:hover {
  -webkit-text-decoration: none;
  text-decoration: none;
}

.c0 > a + a {
  margin-left: 1.25rem;
}

<div
  className="c0"
/>
`;
