// Jest Snapshot v1, https://goo.gl/fbAQLP

exports[`Styles matches B 1`] = `
.c0 {
  font-weight: bolder;
}

<aside
  className="c0"
/>
`;
