// Jest Snapshot v1, https://goo.gl/fbAQLP

exports[`Styles matches Dl 1`] = `
.c0 {
  margin-top: 0;
  margin-bottom: 1rem;
}

<dl
  className="c0"
/>
`;
