// Jest Snapshot v1, https://goo.gl/fbAQLP

exports[`Styles matches Hgroup 1`] = `
.c0 {
  display: block;
}

<hgroup
  className="c0"
/>
`;
