// Jest Snapshot v1, https://goo.gl/fbAQLP

exports[`Styles matches Input 1`] = `
.c0 {
  margin: 0;
  font-family: inherit;
  font-size: inherit;
  line-height: inherit;
  overflow: visible;
}

<input
  className="c0"
/>
`;
