// Jest Snapshot v1, https://goo.gl/fbAQLP

exports[`Styles matches Optgroup 1`] = `
.c0 {
  margin: 0;
  font-family: inherit;
  font-size: inherit;
  line-height: inherit;
}

<optgroup
  className="c0"
/>
`;
