// Jest Snapshot v1, https://goo.gl/fbAQLP

exports[`Styles matches Samp 1`] = `
.c0 {
  font-family: SFMono-Regular,Menlo,Monaco,Consolas,"Liberation Mono","Courier New",monospace;
  font-size: 1em;
}

<samp
  className="c0"
/>
`;
