// Jest Snapshot v1, https://goo.gl/fbAQLP

exports[`Styles matches InputGroupPrepend 1`] = `
.c0 {
  display: -webkit-box;
  display: -webkit-flex;
  display: -ms-flexbox;
  display: flex;
  margin-right: -1px;
}

.c0 > button {
  position: relative;
  z-index: 2;
}

.c0 > span,
.c0 > button {
  border-top-right-radius: 0;
  border-bottom-right-radius: 0;
}

.c0 > span:not(:first-child),
.c0 > button:not(:first-child) {
  margin-left: -1px;
  border-top-left-radius: 0;
  border-bottom-left-radius: 0;
}

<div
  className="c0"
/>
`;
