// Jest Snapshot v1, https://goo.gl/fbAQLP

exports[`Styles matches Caption 1`] = `
.c0 {
  padding-top: 0.75rem;
  padding-bottom: 0.75rem;
  color: #6c757d;
  text-align: left;
  caption-side: bottom;
}

<caption
  className="c0"
/>
`;
