// Jest Snapshot v1, https://goo.gl/fbAQLP

exports[`Styles matches Code 1`] = `
.c0 {
  font-family: SFMono-Regular,Menlo,Monaco,Consolas,"Liberation Mono","Courier New",monospace;
  font-size: 87.5%;
  color: #e83e8c;
  word-break: break-word;
}

<code
  className="c0"
/>
`;
