// Jest Snapshot v1, https://goo.gl/fbAQLP

exports[`Styles matches Header 1`] = `
.c0 {
  display: block;
}

<header
  className="c0"
/>
`;
