// Jest Snapshot v1, https://goo.gl/fbAQLP

exports[`Styles matches Textarea 1`] = `
.c0 {
  margin: 0;
  font-family: inherit;
  font-size: inherit;
  line-height: inherit;
  overflow: auto;
  resize: vertical;
}

<textarea
  className="c0"
/>
`;
